<!DOCTYPE html>
<html lang="en">
<head>
    <meta charset="UTF-8">
    <title>
        This is the title: Testing the layout render
    </title>
</head>
<body>
            If tag is allowed in the layout, but not in user content.
        <p>Hello Layout Test, this is the content!</p>
</body>
</html>