<!DOCTYPE html>
<html lang="en">
<head>
    <meta charset="UTF-8">
    <title>
    </title>
</head>
<body>
    <table>
        <thead>
            <tr>
                <th>Id</th>
                <th>Name</th>
            </tr>
        </thead>
        <tbody>
            <tr><td>1</td><td>first user name</td></tr><tr><td>2</td><td>second user name</td></tr>
        </tbody>
    </table>
    <table>
        <thead>
        <tr>
            <th>Id</th>
            <th>Description</th>
        </tr>
        </thead>
        <tbody>
            <tr><td>1</td><td>first order description</td></tr><tr><td>2</td><td>second order description</td></tr>
        </tbody>
    </table>
</body>
</html>